============================= test session starts =============================
platform win32 -- Python 3.12.2, pytest-9.0.2, pluggy-1.6.0 -- C:\Users\georg\AppData\Local\Programs\Python\Python312\python.exe
cachedir: .pytest_cache
rootdir: C:\Users\georg\digital-life-narrative-ai
configfile: pyproject.toml
plugins: anyio-4.12.1
collecting ... collected 51 items

tests/test_core_models.py::TestMemory::test_memory_creation_full_fields PASSED [  1%]
tests/test_core_models.py::TestMemory::test_memory_creation_minimal_fields PASSED [  3%]
tests/test_core_models.py::TestMemory::test_memory_id_auto_generation PASSED [  5%]
tests/test_core_models.py::TestMemory::test_memory_timestamp_validation PASSED [  7%]
tests/test_core_models.py::TestMemory::test_memory_timestamp_naive_handling PASSED [  9%]
tests/test_core_models.py::TestMemory::test_memory_optional_fields_none PASSED [ 11%]
tests/test_core_models.py::TestMemory::test_memory_to_ai_summary_no_path_leak PASSED [ 13%]
tests/test_core_models.py::TestMemory::test_memory_to_ai_summary_caption_truncation FAILED [ 15%]
tests/test_core_models.py::TestMemory::test_memory_to_ai_summary_people_anonymization PASSED [ 17%]
tests/test_core_models.py::TestMemory::test_memory_to_ai_summary_json_serializable PASSED [ 19%]
tests/test_core_models.py::TestMemory::test_memory_compute_content_hash PASSED [ 21%]
tests/test_core_models.py::TestMemory::test_memory_is_same_moment_within_tolerance PASSED [ 23%]
tests/test_core_models.py::TestMemory::test_memory_is_same_moment_outside_tolerance PASSED [ 25%]
tests/test_core_models.py::TestMemory::test_memory_merge_with_higher_confidence_wins FAILED [ 27%]
tests/test_core_models.py::TestMemory::test_memory_empty_caption_vs_none FAILED [ 29%]
tests/test_core_models.py::TestMemory::test_memory_unicode_caption PASSED [ 31%]
tests/test_core_models.py::TestGeoLocation::test_geolocation_valid_coordinates PASSED [ 33%]
tests/test_core_models.py::TestGeoLocation::test_geolocation_invalid_latitude_high PASSED [ 35%]
tests/test_core_models.py::TestGeoLocation::test_geolocation_invalid_latitude_low PASSED [ 37%]
tests/test_core_models.py::TestGeoLocation::test_geolocation_invalid_longitude PASSED [ 39%]
tests/test_core_models.py::TestGeoLocation::test_geolocation_zero_zero_valid PASSED [ 41%]
tests/test_core_models.py::TestGeoLocation::test_location_to_display_string PASSED [ 43%]
tests/test_core_models.py::TestGeoLocation::test_location_is_empty PASSED [ 45%]
tests/test_core_models.py::TestLifeChapter::test_chapter_creation_valid PASSED [ 47%]
tests/test_core_models.py::TestLifeChapter::test_chapter_date_range_validation PASSED [ 49%]
tests/test_core_models.py::TestLifeChapter::test_chapter_confidence_bounds PASSED [ 50%]
tests/test_core_models.py::TestLifeChapter::test_chapter_overlaps_with_true PASSED [ 52%]
tests/test_core_models.py::TestLifeChapter::test_chapter_overlaps_with_false PASSED [ 54%]
tests/test_core_models.py::TestLifeChapter::test_chapter_merge_with PASSED [ 56%]
tests/test_core_models.py::TestLifeChapter::test_chapter_to_timeline_entry PASSED [ 58%]
tests/test_core_models.py::TestDateRange::test_date_range_duration_days PASSED [ 60%]
tests/test_core_models.py::TestDateRange::test_date_range_contains PASSED [ 62%]
tests/test_core_models.py::TestDateRange::test_date_range_merge PASSED   [ 64%]
tests/test_core_models.py::TestLifeStoryReport::test_report_creation PASSED [ 66%]
tests/test_core_models.py::TestLifeStoryReport::test_report_serialization_json PASSED [ 68%]
tests/test_core_models.py::TestLifeStoryReport::test_report_fallback_mode_fields PASSED [ 70%]
tests/test_core_models.py::TestLifeStoryReport::test_report_to_dict PASSED [ 72%]
tests/test_core_models.py::TestSafetyModels::test_safety_flag_creation PASSED [ 74%]
tests/test_core_models.py::TestSafetyModels::test_safety_settings_defaults PASSED [ 76%]
tests/test_core_models.py::TestSafetyModels::test_safety_settings_get_action_for_category PASSED [ 78%]
tests/test_core_models.py::TestSafetyModels::test_memory_safety_state_add_flag PASSED [ 80%]
tests/test_core_models.py::TestSafetyModels::test_resolve_action_for_flags_strictest_wins PASSED [ 82%]
tests/test_core_models.py::TestEnums::test_media_type_values PASSED      [ 84%]
tests/test_core_models.py::TestEnums::test_source_platform_values PASSED [ 86%]
tests/test_core_models.py::TestEnums::test_confidence_level_ordering PASSED [ 88%]
tests/test_core_models.py::test_geopoint_validation[0-0-True] PASSED     [ 90%]
tests/test_core_models.py::test_geopoint_validation[90-180-True] PASSED  [ 92%]
tests/test_core_models.py::test_geopoint_validation[-90--180-True] PASSED [ 94%]
tests/test_core_models.py::test_geopoint_validation[91-0-False] PASSED   [ 96%]
tests/test_core_models.py::test_geopoint_validation[0-181-False] PASSED  [ 98%]
tests/test_core_models.py::test_chapter_single_day_range PASSED          [100%]

================================== FAILURES ===================================
___________ TestMemory.test_memory_to_ai_summary_caption_truncation ___________
tests\test_core_models.py:159: in test_memory_to_ai_summary_caption_truncation
    assert payload["caption"].endswith("...")
E   AssertionError: assert False
E    +  where False = <built-in method endswith of str object at 0x00000277BFC72730>('...')
E    +    where <built-in method endswith of str object at 0x00000277BFC72730> = 'AAAAAAAAAAAAAAAAAAAAAAAAAAAAAAAAAAAAAAAAAAAAAAAAAAAAAAAAAAAAAAAAAAAAAAAAAAAAAAAAAAAAAAAAAAAAAAAAAAAAAAAAAAAAAAAAAAAAAAAAAAAAAAAAAAAAAAAAAAAAAAAAAAAAAAAAAAAAAAAAAAAAAAAAAAAAAAAAAAAAAAAAAAAAAAAAAAAAAAAA'.endswith
__________ TestMemory.test_memory_merge_with_higher_confidence_wins ___________
tests\test_core_models.py:251: in test_memory_merge_with_higher_confidence_wins
    assert merged.location.place_name == "San Francisco"
E   AssertionError: assert 'Unknown City' == 'San Francisco'
E     
E     - San Francisco
E     + Unknown City
________________ TestMemory.test_memory_empty_caption_vs_none _________________
tests\test_core_models.py:259: in test_memory_empty_caption_vs_none
    assert m1.caption is None
E   AssertionError: assert '' is None
E    +  where '' = Memory(id='45bdead3-9cae-45af-b72a-339c86e43f76', content_hash=None, metadata_hash=None, source_platform=<SourcePlatform.LOCAL: 'local'>, source_path=None, source_filename=None, source_export_path=None, created_at=None, created_at_confidence=<ConfidenceLevel.MEDIUM: 'medium'>, timezone_name=None, media_type=<MediaType.PHOTO: 'photo'>, caption='', duration_seconds=None, width=None, height=None, scene_tags=[], vibe_tags=[], visual_motifs=[], visual_confidence=None, visually_analyzed=False, location=None, people=[], tags=[], album_name=None, original_metadata={}, parse_warnings=[]).caption
=========================== short test summary info ===========================
FAILED tests/test_core_models.py::TestMemory::test_memory_to_ai_summary_caption_truncation - AssertionError: assert False
 +  where False = <built-in method endswith of str object at 0x00000277BFC72730>('...')
 +    where <built-in method endswith of str object at 0x00000277BFC72730> = 'AAAAAAAAAAAAAAAAAAAAAAAAAAAAAAAAAAAAAAAAAAAAAAAAAAAAAAAAAAAAAAAAAAAAAAAAAAAAAAAAAAAAAAAAAAAAAAAAAAAAAAAAAAAAAAAAAAAAAAAAAAAAAAAAAAAAAAAAAAAAAAAAAAAAAAAAAAAAAAAAAAAAAAAAAAAAAAAAAAAAAAAAAAAAAAAAAAAAAAAA'.endswith
FAILED tests/test_core_models.py::TestMemory::test_memory_merge_with_higher_confidence_wins - AssertionError: assert 'Unknown City' == 'San Francisco'
  
  - San Francisco
  + Unknown City
FAILED tests/test_core_models.py::TestMemory::test_memory_empty_caption_vs_none - AssertionError: assert '' is None
 +  where '' = Memory(id='45bdead3-9cae-45af-b72a-339c86e43f76', content_hash=None, metadata_hash=None, source_platform=<SourcePlatform.LOCAL: 'local'>, source_path=None, source_filename=None, source_export_path=None, created_at=None, created_at_confidence=<ConfidenceLevel.MEDIUM: 'medium'>, timezone_name=None, media_type=<MediaType.PHOTO: 'photo'>, caption='', duration_seconds=None, width=None, height=None, scene_tags=[], vibe_tags=[], visual_motifs=[], visual_confidence=None, visually_analyzed=False, location=None, people=[], tags=[], album_name=None, original_metadata={}, parse_warnings=[]).caption
======================== 3 failed, 48 passed in 0.19s =========================
